::1 GET / 304 - - 1.795 ms
::1 GET /favicon.ico 404 38 - 0.936 ms
::1 GET /products 200 26 - 55.222 ms
::1 GET /products 304 - - 46.697 ms
::1 GET /products 304 - - 42.080 ms
::1 GET /products 304 - - 43.607 ms
::1 GET /products 304 - - 54.966 ms
::1 GET /products 304 - - 46.499 ms
::1 GET /products 304 - - 43.383 ms
::1 POST /products 400 281 - 44.569 ms
::1 POST /products 400 281 - 44.253 ms
::1 POST /products 400 281 - 43.171 ms
::1 POST /products 201 204 - 109.957 ms
::1 POST /products 201 212 - 92.588 ms
::1 GET /products 200 395 - 47.301 ms
::1 GET /products 304 - - 41.995 ms
::1 GET /products?name=taza 200 395 - 46.726 ms
::1 GET /products?name=taza&stock=150 200 395 - 42.174 ms
::1 GET /products?name=taza&stock=150 304 - - 57.498 ms
::1 GET /products?name=taza&stock=150 304 - - 56.338 ms
::1 GET /products?name=taza&stock=150 200 26 - 53.626 ms
::1 GET /products?name=taza 200 26 - 48.190 ms
::1 GET /products 304 - - 48.034 ms
::1 GET /products?stock=11213123 200 26 - 50.290 ms
::1 GET /products?stock=150 200 206 - 42.432 ms
::1 GET /products?stock=150 304 - - 55.751 ms
::1 GET /products?stock=150 304 - - 58.751 ms
::1 GET /products?stock=150 304 - - 55.299 ms
::1 GET /products?stock=150 304 - - 64.195 ms
::1 GET /products?stock=150 304 - - 59.748 ms
::1 GET /products?name=taza&stock=150 200 206 - 44.696 ms
::1 GET /products?name=taza&stock=150&category=el 200 26 - 55.926 ms
::1 GET /products?name=taza&stock=150&category=ho 200 206 - 54.589 ms
::1 GET /products?name=taza&stock=150&category=ho&minPrice=10 200 206 - 59.044 ms
::1 GET /products?name=taza&stock=150&category=ho&minPrice=1000 200 206 - 46.379 ms
::1 GET /products?name=taza&stock=150&category=ho&minPrice=1000 304 - - 59.394 ms
::1 GET /products?name=taza&stock=150&category=ho&minPrice=1000 304 - - 69.959 ms
::1 GET /products?name=taza&stock=150&category=ho&minPrice=1000 200 26 - 138.610 ms
::1 GET /products?name=taza&stock=150&category=ho&minPrice=900 200 206 - 50.716 ms
::1 GET /products?name=taza&stock=150&category=ho&minPrice=800 200 206 - 46.303 ms
::1 GET /products?name=taza&stock=150&category=ho&minPrice=1000 304 - - 43.322 ms
::1 GET /products?name=taza&stock=150&category=ho&minPrice=12 200 206 - 52.150 ms
::1 GET /products?name=taza&stock=150&category=ho&maxPrice=12 200 26 - 45.267 ms
::1 GET /products?name=taza&stock=150&category=ho&maxPrice=1000 200 206 - 42.275 ms
