::1 GET /products? 200 550 - 62.112 ms
::1 GET /products? 304 - - 47.537 ms
::1 GET /products? 401 49 - 1.919 ms
::1 GET /products? 401 49 - 0.765 ms
::1 GET /products? 304 - - 58.569 ms
::1 GET /products? 304 - - 47.885 ms
::1 POST /auth/register 400 59 - 80.642 ms
::1 POST /auth/register 400 59 - 58.481 ms
::1 POST /auth/register 400 59 - 59.507 ms
::1 POST /auth/register 400 59 - 59.597 ms
::1 POST /auth/register 400 59 - 78.044 ms
::1 POST /auth/register 400 59 - 58.637 ms
::1 POST /auth/register 400 59 - 58.659 ms
::1 POST /auth/register 201 54 - 167.344 ms
::1 POST /auth/register 409 56 - 99.749 ms
::1 GET /products? 304 - - 50.634 ms
::1 GET /products? 304 - - 41.471 ms
::1 POST /auth/register 429 74 - 0.403 ms
::1 POST /auth/register 429 74 - 0.380 ms
::1 POST /auth/register 429 74 - 0.363 ms
::1 POST /auth/register 429 74 - 0.427 ms
::1 POST /auth/register 409 56 - 132.722 ms
::1 POST /auth/register 409 56 - 113.405 ms
::1 POST /auth/register 409 56 - 115.979 ms
::1 POST /auth/register 409 56 - 101.957 ms
::1 POST /auth/register 409 56 - 104.571 ms
::1 POST /auth/register 409 56 - 104.427 ms
::1 POST /auth/register 409 57 - 460.939 ms
::1 POST /auth/register 201 54 - 177.660 ms
::1 POST /auth/register 409 57 - 102.070 ms
::1 POST /auth/register 201 54 - 157.341 ms
::1 POST /auth/login 400 60 - 0.911 ms
::1 GET /products? 304 - - 83.557 ms
::1 GET /products? 304 - - 51.852 ms
::1 POST /auth/login 400 60 - 0.163 ms
::1 GET /products? 304 - - 46.079 ms
::1 GET /products? 304 - - 46.435 ms
::1 POST /auth/login 400 60 - 0.183 ms
::1 GET /products? 304 - - 43.217 ms
::1 GET /products? 304 - - 46.119 ms
::1 POST /auth/login 400 60 - 0.182 ms
::1 GET /products? 304 - - 43.010 ms
::1 GET /products? 304 - - 51.797 ms
::1 POST /auth/login 200 198 - 107.573 ms
::1 GET /products? 304 - - 47.539 ms
::1 GET /products? 304 - - 46.146 ms
::1 POST /auth/login 200 198 - 105.135 ms
::1 GET /products? 304 - - 46.147 ms
::1 GET /products? 304 - - 41.045 ms
::1 GET /products? 304 - - 42.888 ms
::1 GET /products? 304 - - 42.181 ms
::1 POST /auth/login 200 198 - 101.572 ms
::1 GET /products? 304 - - 46.371 ms
::1 GET /products? 304 - - 47.053 ms
::1 GET /products? 304 - - 42.486 ms
::1 GET /products? 304 - - 47.666 ms
::1 POST /auth/login 200 198 - 105.206 ms
::1 GET /products? 304 - - 43.594 ms
::1 GET /products? 304 - - 41.082 ms
::1 POST /auth/login 200 198 - 412.954 ms
::1 GET /products? 304 - - 48.099 ms
::1 GET /products? 304 - - 42.888 ms
::1 POST /products 401 49 - 0.335 ms
::1 POST /products 401 49 - 0.235 ms
::1 POST /products 201 160 - 111.490 ms
::1 GET /products? 200 687 - 42.429 ms
::1 GET /products? 304 - - 45.945 ms
::1 POST /products 201 154 - 101.804 ms
::1 GET /products? 200 818 - 44.442 ms
::1 GET /products? 304 - - 42.754 ms
::1 POST /products 201 163 - 85.778 ms
::1 GET /products? 200 958 - 41.673 ms
::1 GET /products? 304 - - 45.816 ms
::1 DELETE /products/69260d9865e6254245e3ce96 401 49 - 0.502 ms
::1 POST /products 201 172 - 103.159 ms
::1 GET /products? 200 1107 - 45.956 ms
::1 GET /products? 304 - - 44.922 ms
::1 GET /products? 304 - - 43.241 ms
::1 GET /products? 304 - - 43.631 ms
::1 GET /products? 304 - - 43.705 ms
::1 GET /products? 304 - - 40.774 ms
::1 GET /products? 304 - - 40.920 ms
::1 GET /products? 304 - - 43.718 ms
::1 GET /products? 304 - - 57.955 ms
::1 GET /products? 304 - - 69.769 ms
::1 POST /auth/login 200 251 - 127.402 ms
::1 GET /products? 304 - - 53.173 ms
::1 GET /products? 304 - - 49.422 ms
::1 GET /products? 304 - - 45.906 ms
::1 GET /products? 304 - - 48.460 ms
::1 GET /products? 304 - - 41.969 ms
::1 GET /products? 304 - - 43.517 ms
::1 PATCH /products/69260d9865e6254245e3ce96 200 163 - 61.241 ms
::1 GET /products? 200 1107 - 41.933 ms
::1 PATCH /products/69260d9865e6254245e3ce96 200 163 - 46.654 ms
::1 GET /products? 200 1107 - 46.422 ms
::1 GET /products? 304 - - 44.060 ms
::1 DELETE /products/69260dec65e6254245e3ce9b 200 172 - 49.199 ms
::1 DELETE /products/69260d4865e6254245e3ce91 200 154 - 52.719 ms
::1 GET /products? 200 827 - 43.159 ms
