::1 GET /products? 304 - - 69.482 ms
::1 GET /products? 304 - - 67.995 ms
::1 GET /products? 304 - - 47.477 ms
::1 GET /products? 304 - - 44.584 ms
::1 GET /products? 304 - - 43.252 ms
::1 GET /product? 404 38 - 0.511 ms
::1 GET /product? 404 38 - 0.177 ms
::1 GET /products? 304 - - 43.477 ms
::1 GET /products? 304 - - 46.370 ms
::1 GET /products? 304 - - 45.661 ms
::1 GET /products? 304 - - 45.368 ms
::1 GET /products? 304 - - 47.232 ms
::1 GET /products? 304 - - 42.392 ms
::1 GET /products? 304 - - 45.730 ms
::1 GET /products? 304 - - 41.773 ms
::1 GET /products? 304 - - 41.395 ms
::1 GET /products? 304 - - 42.829 ms
::1 GET /products? 304 - - 49.034 ms
::1 GET /products? 304 - - 46.990 ms
::1 GET /products? 304 - - 48.107 ms
::1 GET /products? 304 - - 44.241 ms
::1 GET /products? 304 - - 42.535 ms
::1 GET /products? 304 - - 47.651 ms
::1 GET /products? 304 - - 44.317 ms
::1 GET /products? 304 - - 41.983 ms
::1 GET /products? 304 - - 49.811 ms
::1 GET /products? 304 - - 50.676 ms
::1 GET /products? 304 - - 43.667 ms
::1 GET /products? 304 - - 41.022 ms
::1 GET /products? 304 - - 44.066 ms
::1 GET /products? 304 - - 49.340 ms
::1 GET /products? 304 - - 44.163 ms
::1 GET /products? 304 - - 42.939 ms
::1 GET /products? 304 - - 41.816 ms
::1 GET /products? 304 - - 47.008 ms
::1 GET /products? 304 - - 44.083 ms
::1 GET /products? 304 - - 43.183 ms
::1 GET /products? 304 - - 46.560 ms
::1 GET /products? 304 - - 43.355 ms
::1 GET /products? 304 - - 41.766 ms
::1 GET /products? 304 - - 44.017 ms
::1 GET /products? 304 - - 41.060 ms
::1 GET /products? 304 - - 42.909 ms
::1 GET /products? 304 - - 44.205 ms
::1 GET /products? 304 - - 46.700 ms
::1 GET /products? 304 - - 47.805 ms
::1 GET /products? 304 - - 40.660 ms
::1 GET /products? 304 - - 43.418 ms
::1 GET /products? 304 - - 42.909 ms
::1 GET /products? 304 - - 468.661 ms
::1 GET /products? 304 - - 44.294 ms
::1 DELETE /products/69260bd065e6254245e3ce8c 401 39 - 5.688 ms
::1 POST /auth/login 200 251 - 118.529 ms
::1 GET /products? 304 - - 44.434 ms
::1 GET /products? 304 - - 41.017 ms
::1 DELETE /products/69260d9865e6254245e3ce96 200 163 - 68.164 ms
::1 GET /products? 200 687 - 43.268 ms
::1 GET /products? 304 - - 45.717 ms
::1 POST /auth/login 200 251 - 123.995 ms
::1 GET /products? 304 - - 47.559 ms
::1 GET /products? 304 - - 48.909 ms
::1 POST /email/send 500 61 - 755.376 ms
::1 POST /email/send 200 582 - 2212.501 ms
::1 POST /email/send 200 582 - 1853.080 ms
::1 GET /products? 304 - - 56.192 ms
::1 GET /products? 304 - - 45.989 ms
